SO FAR THIS YEAR THE { INDUSTRY'S / INDUSTRY } SLIDE HAS BEEN APPARENT IN ALLEGATIONS OF INSIDER TRADING BY FUND MANAGERS UNSAVORY FUND SALES PRACTICES AT BANKS AND THE USE OF HIGH RISK DERIVATIVE SECURITIES IN NORMALLY CONSERVATIVE MONEY MARKET FUNDS (4T0C0203)
MOREOVER INVESTORS WHO COMPARE FUND PRICES AND PERFORMANCE BY USING WEEKEND NEWSPAPERS WOULD HAVE HAD LITTLE DATA ON FIDELITY FUNDS PERHAPS COSTING FIDELITY SOME NEW INVESTMENT (4T0C020F)
